// Jest Snapshot v1, https://goo.gl/fbAQLP

exports[`CHN snapshot 1`] = `
<DocumentFragment>
  <div>
     this is for china 
  </div>
</DocumentFragment>
`;
